// Jest Snapshot v1, https://goo.gl/fbAQLP

exports[`renders correctly 1`] = `
Array [
  "<Trigger>",
  <h2
    className="title"
  >
    <span>
      Main Menu
    </span>
  </h2>,
]
`;
